// Jest Snapshot v1, https://goo.gl/fbAQLP

exports[`compileStyle should match snapshot 1`] = `".scope .card{display:block;background-color:red;}.scope .card .title{color:white;}"`;
