// Jest Snapshot v1, https://goo.gl/fbAQLP

exports[`fragmentsToBrackets should match snapshot 1`] = `"{color: black; .active{color: red;}}"`;
